Archive member included because of file (symbol)

/opt/VDLinux-armv7a8v2r2/bin/../lib/gcc/arm-v7a8v2r2-linux-gnueabi/4.4.1/libgcc.a(_udivsi3.o)
                              ./echo/timer.o (__aeabi_uidiv)
/opt/VDLinux-armv7a8v2r2/bin/../lib/gcc/arm-v7a8v2r2-linux-gnueabi/4.4.1/libgcc.a(_dvmd_lnx.o)
                              /opt/VDLinux-armv7a8v2r2/bin/../lib/gcc/arm-v7a8v2r2-linux-gnueabi/4.4.1/libgcc.a(_udivsi3.o) (__aeabi_idiv0)

Allocating common symbols
Common symbol       size              file

HCI_CFG_REG         0x1               ./echo/echo_hci.o
high_capacity       0x4               MMC_BM_NBL2_Common.o
_RunImage           0x4               MMC_BM_NBL2_Common.o
HCI_8051_REG        0x2               ./echo/echo_hci.o

Memory Configuration

Name             Origin             Length             Attributes
*default*        0x00000000         0xffffffff

Linker script and memory map

                0x00000000                . = ALIGN (0x4)

.text           0x47000000     0x3938
 onboot.o(.text)
 .text          0x47000000      0x180 onboot.o
                0x47000000                _start
                0x47000040                _end_vect
                0x47000044                _armboot_start
                0x47000048                _bss_start
                0x4700004c                _bss_end
 ./echo/init_sdp_mmc_core.o(.text)
 .text          0x47000180      0x704 ./echo/init_sdp_mmc_core.o
                0x47000180                mmc_desc_init
                0x4700020c                sdp_mmc_init_controller
                0x470002dc                mmc_plat_loop
                0x470002e0                mmc_poll_cmd_done
                0x47000320                _mmc_wait_on_data_state_mc_busy
                0x47000340                _mmc_wait_on_busy
                0x47000368                _mmc_wait_for_intr
                0x47000390                _mmc_wait_for_dto
                0x470003b8                _mmc_get_err
                0x47000444                mmc_response_status
                0x47000448                mmc_send_cmd_wait
                0x470004d4                sdp_mmc_set_clk
                0x4700057c                sdp_mmc_go_idle_state
                0x4700059c                sdp_mmc_sd_send_if_cond
                0x470005bc                sdp_mmc_send_op_cond
                0x470005f0                sdp_mmc_all_send_cid
                0x47000610                sdp_mmc_send_relative_addr
                0x47000630                sdp_mmc_send_csd
                0x47000650                sdp_mmc_select_card
                0x4700069c                sdp_mmc_send_ext_csd
                0x470006dc                sdp_mmc_switch_ext_csd
                0x470006ec                sdp_mmc_switch
                0x47000710                sdp_mmc_set_block_length
                0x47000750                sdp_mmc_read_write
                0x47000820                sdp_mmc_RW
 ./echo/init_sdp_mmc.o(.text)
 .text          0x47000884      0x1c4 ./echo/init_sdp_mmc.o
                0x47000884                sdp_mmc_init
                0x47000a44                __sdp_mmc
                0x47000a44                sdp_mmc
 ./echo/lowlevel_init.o(.text)
 *fill*         0x47000a48      0x1b8 00
 .text          0x47000c00     0x1400 ./echo/lowlevel_init.o
                0x47000c00                lowlevel_init
 *(.text)
 .text          0x47002000        0x4 ./echo/reset.o
                0x47002000                reset_cpu
 .text          0x47002004      0x19c ./echo/timer.o
                0x47002018                set_timer
                0x47002028                get_delay_time
                0x47002038                reset_timer_masked
                0x47002058                reset_timer
                0x4700205c                get_timer_masked
                0x470020b8                __udelay
                0x470020dc                get_timer
                0x470020f8                get_ticks
                0x4700210c                get_tbclk
                0x47002114                timer_init
 .text          0x470021a0      0x3b4 ./echo/serial.o
                0x470021a0                serial_putc
                0x470021d0                serial_tstc
                0x470021f0                serial_getc
                0x4700221c                serial_getc_check
                0x47002258                serial_puts
                0x47002280                micom_getc
                0x470022ac                micom_putc
                0x470022d0                PRINTF
                0x470023dc                micom_cmd
                0x47002478                serial_setbrg_micom
                0x470024d8                serial_setbrg
                0x47002540                serial_init
 .text          0x47002554       0x80 ./echo/speed.o
                0x47002554                raise
                0x47002558                get_clock_arm
                0x47002564                get_clock_bus
                0x470025a8                get_clock_apb
                0x470025b8                print_cpuinfo
 .text          0x470025d4      0x20c ./echo/sp_setup.o
                0x470025d4                setup_start_tag
                0x47002600                setup_commandline_tag
                0x470026ac                setup_end_tag
                0x470026bc                memcpy
                0x47002768                memset
 .text          0x470027e0       0xa0 ./echo/echo_hci.o
                0x470027e0                sdp_hci_tx_init
 .text          0x47002880       0xb0 ./echo/sdp_peri.o
                0x47002910                sdp_peri_init
 .text          0x47002930      0x588 ./echo/sdp_i2c.o
                0x47002930                send_start_packet
                0x470029b0                send_stop_packet
                0x47002a14                check_port_ack
                0x47002a34                i2c_init
                0x47002af0                wait_interrupt
                0x47002b3c                i2c_write
                0x47002cb4                i2c_read
 .text          0x47002eb8      0x864 MMC_BM_NBL2_Common.o
                0x47002eb8                atoi
                0x47002ef0                fast_logo
                0x47002ff4                FastLogo
                0x47002ffc                get_uImage_size
                0x47003054                _ShadowOS
                0x470031a0                setup_sdp_memtag
                0x47003354                Main
 .text          0x4700371c      0x20c /opt/VDLinux-armv7a8v2r2/bin/../lib/gcc/arm-v7a8v2r2-linux-gnueabi/4.4.1/libgcc.a(_udivsi3.o)
                0x4700371c                __udivsi3
                0x4700371c                __aeabi_uidiv
                0x47003908                __aeabi_uidivmod
 .text          0x47003928       0x10 /opt/VDLinux-armv7a8v2r2/bin/../lib/gcc/arm-v7a8v2r2-linux-gnueabi/4.4.1/libgcc.a(_dvmd_lnx.o)
                0x47003928                __aeabi_ldiv0
                0x47003928                __aeabi_idiv0

.glue_7         0x47003938        0x0
 .glue_7        0x00000000        0x0 linker stubs

.glue_7t        0x47003938        0x0
 .glue_7t       0x00000000        0x0 linker stubs

.vfp11_veneer   0x47003938        0x0
 .vfp11_veneer  0x00000000        0x0 linker stubs

.v4_bx          0x47003938        0x0
 .v4_bx         0x00000000        0x0 linker stubs
                0x47003938                . = ALIGN (0x4)

.rodata         0x47003938      0x204
 *(.rodata)
 .rodata        0x47003938      0x204 MMC_BM_NBL2_Common.o

.rodata.str1.1  0x47003b3c      0x556
 .rodata.str1.1
                0x47003b3c      0x556 MMC_BM_NBL2_Common.o
                0x47004094                . = ALIGN (0x4)

.data           0x47004094     0x3a54
 *(.data)
 .data          0x47004094        0x0 onboot.o
 .data          0x47004094        0x0 ./echo/init_sdp_mmc_core.o
 .data          0x47004094        0x0 ./echo/init_sdp_mmc.o
 .data          0x47004094        0x0 ./echo/lowlevel_init.o
 .data          0x47004094        0x0 ./echo/reset.o
 .data          0x47004094        0x0 ./echo/timer.o
 .data          0x47004094        0x0 ./echo/serial.o
 .data          0x47004094        0x0 ./echo/speed.o
 .data          0x47004094        0x0 ./echo/sp_setup.o
 .data          0x47004094     0x3a3c ./echo/echo_hci.o
                0x47004094                u16NormalTV
 .data          0x47007ad0        0x0 ./echo/sdp_peri.o
 .data          0x47007ad0        0x0 ./echo/sdp_i2c.o
 .data          0x47007ad0       0x18 MMC_BM_NBL2_Common.o
                0x47007ad0                kernel_cmdline_ext0
                0x47007ad4                kernel_cmdline_ext1
                0x47007ad8                kernel_cmdline_rfs0
                0x47007adc                kernel_cmdline_rfs1
                0x47007ae0                kernel_cmdline_sda1
                0x47007ae4                kernel_cmdline_nfs
 .data          0x47007ae8        0x0 /opt/VDLinux-armv7a8v2r2/bin/../lib/gcc/arm-v7a8v2r2-linux-gnueabi/4.4.1/libgcc.a(_udivsi3.o)
 .data          0x47007ae8        0x0 /opt/VDLinux-armv7a8v2r2/bin/../lib/gcc/arm-v7a8v2r2-linux-gnueabi/4.4.1/libgcc.a(_dvmd_lnx.o)
                0x47007ae8                . = ALIGN (0x4)

.got
 *(.got)
                0x47007ae8                oneboot_prg_end = .
                0x47007ae8                . = ALIGN (0x4)
                0x47007ae8                __bss_start = .

.bss            0x47007ae8       0x20
 *(.bss)
 .bss           0x47007ae8        0x0 onboot.o
 .bss           0x47007ae8        0x0 ./echo/init_sdp_mmc_core.o
 .bss           0x47007ae8        0x0 ./echo/init_sdp_mmc.o
 .bss           0x47007ae8        0x0 ./echo/lowlevel_init.o
 .bss           0x47007ae8        0x0 ./echo/reset.o
 .bss           0x47007ae8        0x8 ./echo/timer.o
 .bss           0x47007af0        0x0 ./echo/serial.o
 .bss           0x47007af0        0x0 ./echo/speed.o
 .bss           0x47007af0        0x0 ./echo/sp_setup.o
 .bss           0x47007af0        0x0 ./echo/echo_hci.o
 .bss           0x47007af0        0x8 ./echo/sdp_peri.o
 .bss           0x47007af8        0x0 ./echo/sdp_i2c.o
 .bss           0x47007af8        0x4 MMC_BM_NBL2_Common.o
                0x47007af8                mmc
 .bss           0x47007afc        0x0 /opt/VDLinux-armv7a8v2r2/bin/../lib/gcc/arm-v7a8v2r2-linux-gnueabi/4.4.1/libgcc.a(_udivsi3.o)
 .bss           0x47007afc        0x0 /opt/VDLinux-armv7a8v2r2/bin/../lib/gcc/arm-v7a8v2r2-linux-gnueabi/4.4.1/libgcc.a(_dvmd_lnx.o)
 *(COMMON)
 COMMON         0x47007afc        0x4 ./echo/echo_hci.o
                0x47007afc                HCI_CFG_REG
                0x47007afe                HCI_8051_REG
 COMMON         0x47007b00        0x8 MMC_BM_NBL2_Common.o
                0x47007b00                high_capacity
                0x47007b04                _RunImage
                0x47007b08                _end = .
Address of section .text set to 0x47000000
LOAD onboot.o
LOAD ./echo/lowlevel_init.o
LOAD ./echo/reset.o
LOAD ./echo/timer.o
LOAD ./echo/serial.o
LOAD ./echo/speed.o
LOAD ./echo/sp_setup.o
LOAD ./echo/echo_hci.o
LOAD ./echo/sdp_peri.o
LOAD ./echo/sdp_i2c.o
LOAD ./echo/init_sdp_mmc_core.o
LOAD ./echo/init_sdp_mmc.o
LOAD MMC_BM_NBL2_Common.o
START GROUP
LOAD /opt/VDLinux-armv7a8v2r2/bin/../lib/gcc/arm-v7a8v2r2-linux-gnueabi/4.4.1/libgcc.a
END GROUP
OUTPUT(onboot elf32-littlearm)

.ARM.attributes
                0x00000000       0x2f
 .ARM.attributes
                0x00000000       0x21 onboot.o
 .ARM.attributes
                0x00000021       0x33 ./echo/init_sdp_mmc_core.o
 .ARM.attributes
                0x00000054       0x33 ./echo/init_sdp_mmc.o
 .ARM.attributes
                0x00000087       0x21 ./echo/lowlevel_init.o
 .ARM.attributes
                0x000000a8       0x21 ./echo/reset.o
 .ARM.attributes
                0x000000c9       0x33 ./echo/timer.o
 .ARM.attributes
                0x000000fc       0x33 ./echo/serial.o
 .ARM.attributes
                0x0000012f       0x33 ./echo/speed.o
 .ARM.attributes
                0x00000162       0x33 ./echo/sp_setup.o
 .ARM.attributes
                0x00000195       0x33 ./echo/echo_hci.o
 .ARM.attributes
                0x000001c8       0x33 ./echo/sdp_peri.o
 .ARM.attributes
                0x000001fb       0x33 ./echo/sdp_i2c.o
 .ARM.attributes
                0x0000022e       0x33 MMC_BM_NBL2_Common.o
 .ARM.attributes
                0x00000261       0x23 /opt/VDLinux-armv7a8v2r2/bin/../lib/gcc/arm-v7a8v2r2-linux-gnueabi/4.4.1/libgcc.a(_udivsi3.o)
 .ARM.attributes
                0x00000284       0x23 /opt/VDLinux-armv7a8v2r2/bin/../lib/gcc/arm-v7a8v2r2-linux-gnueabi/4.4.1/libgcc.a(_dvmd_lnx.o)

.comment        0x00000000      0x208
 .comment       0x00000000       0x34 ./echo/init_sdp_mmc_core.o
 .comment       0x00000034       0x34 ./echo/init_sdp_mmc.o
 .comment       0x00000068       0x34 ./echo/timer.o
 .comment       0x0000009c       0x34 ./echo/serial.o
 .comment       0x000000d0       0x34 ./echo/speed.o
 .comment       0x00000104       0x34 ./echo/sp_setup.o
 .comment       0x00000138       0x34 ./echo/echo_hci.o
 .comment       0x0000016c       0x34 ./echo/sdp_peri.o
 .comment       0x000001a0       0x34 ./echo/sdp_i2c.o
 .comment       0x000001d4       0x34 MMC_BM_NBL2_Common.o

.note.GNU-stack
                0x00000000        0x0
 .note.GNU-stack
                0x00000000        0x0 ./echo/init_sdp_mmc_core.o
 .note.GNU-stack
                0x00000000        0x0 ./echo/init_sdp_mmc.o
 .note.GNU-stack
                0x00000000        0x0 ./echo/timer.o
 .note.GNU-stack
                0x00000000        0x0 ./echo/serial.o
 .note.GNU-stack
                0x00000000        0x0 ./echo/speed.o
 .note.GNU-stack
                0x00000000        0x0 ./echo/sp_setup.o
 .note.GNU-stack
                0x00000000        0x0 ./echo/echo_hci.o
 .note.GNU-stack
                0x00000000        0x0 ./echo/sdp_peri.o
 .note.GNU-stack
                0x00000000        0x0 ./echo/sdp_i2c.o
 .note.GNU-stack
                0x00000000        0x0 MMC_BM_NBL2_Common.o
 .note.GNU-stack
                0x00000000        0x0 /opt/VDLinux-armv7a8v2r2/bin/../lib/gcc/arm-v7a8v2r2-linux-gnueabi/4.4.1/libgcc.a(_udivsi3.o)
 .note.GNU-stack
                0x00000000        0x0 /opt/VDLinux-armv7a8v2r2/bin/../lib/gcc/arm-v7a8v2r2-linux-gnueabi/4.4.1/libgcc.a(_dvmd_lnx.o)

.debug_line     0x00000000      0xf2d
 .debug_line    0x00000000       0x8c onboot.o
 .debug_line    0x0000008c      0x192 ./echo/init_sdp_mmc_core.o
 .debug_line    0x0000021e       0x96 ./echo/init_sdp_mmc.o
 .debug_line    0x000002b4      0x431 ./echo/lowlevel_init.o
 .debug_line    0x000006e5       0x3c ./echo/reset.o
 .debug_line    0x00000721       0xac ./echo/timer.o
 .debug_line    0x000007cd       0xce ./echo/serial.o
 .debug_line    0x0000089b       0x57 ./echo/speed.o
 .debug_line    0x000008f2       0xb5 ./echo/sp_setup.o
 .debug_line    0x000009a7       0x78 ./echo/echo_hci.o
 .debug_line    0x00000a1f       0x5e ./echo/sdp_peri.o
 .debug_line    0x00000a7d      0x11a ./echo/sdp_i2c.o
 .debug_line    0x00000b97      0x1c3 MMC_BM_NBL2_Common.o
 .debug_line    0x00000d5a       0xf8 /opt/VDLinux-armv7a8v2r2/bin/../lib/gcc/arm-v7a8v2r2-linux-gnueabi/4.4.1/libgcc.a(_udivsi3.o)
 .debug_line    0x00000e52       0xdb /opt/VDLinux-armv7a8v2r2/bin/../lib/gcc/arm-v7a8v2r2-linux-gnueabi/4.4.1/libgcc.a(_dvmd_lnx.o)

.debug_info     0x00000000     0x26bb
 .debug_info    0x00000000       0x61 onboot.o
 .debug_info    0x00000061      0x864 ./echo/init_sdp_mmc_core.o
 .debug_info    0x000008c5      0x154 ./echo/init_sdp_mmc.o
 .debug_info    0x00000a19       0x6d ./echo/lowlevel_init.o
 .debug_info    0x00000a86       0x65 ./echo/reset.o
 .debug_info    0x00000aeb      0x235 ./echo/timer.o
 .debug_info    0x00000d20      0x321 ./echo/serial.o
 .debug_info    0x00001041      0x16a ./echo/speed.o
 .debug_info    0x000011ab      0x368 ./echo/sp_setup.o
 .debug_info    0x00001513      0x106 ./echo/echo_hci.o
 .debug_info    0x00001619      0x1a6 ./echo/sdp_peri.o
 .debug_info    0x000017bf      0x348 ./echo/sdp_i2c.o
 .debug_info    0x00001b07      0x87e MMC_BM_NBL2_Common.o
 .debug_info    0x00002385      0x19b /opt/VDLinux-armv7a8v2r2/bin/../lib/gcc/arm-v7a8v2r2-linux-gnueabi/4.4.1/libgcc.a(_udivsi3.o)
 .debug_info    0x00002520      0x19b /opt/VDLinux-armv7a8v2r2/bin/../lib/gcc/arm-v7a8v2r2-linux-gnueabi/4.4.1/libgcc.a(_dvmd_lnx.o)

.debug_abbrev   0x00000000      0xed5
 .debug_abbrev  0x00000000       0x14 onboot.o
 .debug_abbrev  0x00000014      0x21b ./echo/init_sdp_mmc_core.o
 .debug_abbrev  0x0000022f       0xe1 ./echo/init_sdp_mmc.o
 .debug_abbrev  0x00000310       0x14 ./echo/lowlevel_init.o
 .debug_abbrev  0x00000324       0x14 ./echo/reset.o
 .debug_abbrev  0x00000338      0x160 ./echo/timer.o
 .debug_abbrev  0x00000498      0x1ca ./echo/serial.o
 .debug_abbrev  0x00000662      0x109 ./echo/speed.o
 .debug_abbrev  0x0000076b      0x191 ./echo/sp_setup.o
 .debug_abbrev  0x000008fc       0x90 ./echo/echo_hci.o
 .debug_abbrev  0x0000098c       0xc9 ./echo/sdp_peri.o
 .debug_abbrev  0x00000a55      0x16c ./echo/sdp_i2c.o
 .debug_abbrev  0x00000bc1      0x2ec MMC_BM_NBL2_Common.o
 .debug_abbrev  0x00000ead       0x14 /opt/VDLinux-armv7a8v2r2/bin/../lib/gcc/arm-v7a8v2r2-linux-gnueabi/4.4.1/libgcc.a(_udivsi3.o)
 .debug_abbrev  0x00000ec1       0x14 /opt/VDLinux-armv7a8v2r2/bin/../lib/gcc/arm-v7a8v2r2-linux-gnueabi/4.4.1/libgcc.a(_dvmd_lnx.o)

.debug_aranges  0x00000000      0x1e0
 .debug_aranges
                0x00000000       0x20 onboot.o
 .debug_aranges
                0x00000020       0x20 ./echo/init_sdp_mmc_core.o
 .debug_aranges
                0x00000040       0x20 ./echo/init_sdp_mmc.o
 .debug_aranges
                0x00000060       0x20 ./echo/lowlevel_init.o
 .debug_aranges
                0x00000080       0x20 ./echo/reset.o
 .debug_aranges
                0x000000a0       0x20 ./echo/timer.o
 .debug_aranges
                0x000000c0       0x20 ./echo/serial.o
 .debug_aranges
                0x000000e0       0x20 ./echo/speed.o
 .debug_aranges
                0x00000100       0x20 ./echo/sp_setup.o
 .debug_aranges
                0x00000120       0x20 ./echo/echo_hci.o
 .debug_aranges
                0x00000140       0x20 ./echo/sdp_peri.o
 .debug_aranges
                0x00000160       0x20 ./echo/sdp_i2c.o
 .debug_aranges
                0x00000180       0x20 MMC_BM_NBL2_Common.o
 .debug_aranges
                0x000001a0       0x20 /opt/VDLinux-armv7a8v2r2/bin/../lib/gcc/arm-v7a8v2r2-linux-gnueabi/4.4.1/libgcc.a(_udivsi3.o)
 .debug_aranges
                0x000001c0       0x20 /opt/VDLinux-armv7a8v2r2/bin/../lib/gcc/arm-v7a8v2r2-linux-gnueabi/4.4.1/libgcc.a(_dvmd_lnx.o)

.debug_loc      0x00000000     0x14d7
 .debug_loc     0x00000000      0x5ac ./echo/init_sdp_mmc_core.o
 .debug_loc     0x000005ac       0x3e ./echo/init_sdp_mmc.o
 .debug_loc     0x000005ea      0x18a ./echo/timer.o
 .debug_loc     0x00000774      0x28e ./echo/serial.o
 .debug_loc     0x00000a02       0x73 ./echo/speed.o
 .debug_loc     0x00000a75      0x2d8 ./echo/sp_setup.o
 .debug_loc     0x00000d4d       0x3f ./echo/sdp_peri.o
 .debug_loc     0x00000d8c      0x3cc ./echo/sdp_i2c.o
 .debug_loc     0x00001158      0x37f MMC_BM_NBL2_Common.o

.debug_pubnames
                0x00000000      0x71e
 .debug_pubnames
                0x00000000      0x260 ./echo/init_sdp_mmc_core.o
 .debug_pubnames
                0x00000260       0x31 ./echo/init_sdp_mmc.o
 .debug_pubnames
                0x00000291       0xb5 ./echo/timer.o
 .debug_pubnames
                0x00000346       0xd9 ./echo/serial.o
 .debug_pubnames
                0x0000041f       0x64 ./echo/speed.o
 .debug_pubnames
                0x00000483       0x68 ./echo/sp_setup.o
 .debug_pubnames
                0x000004eb       0x57 ./echo/echo_hci.o
 .debug_pubnames
                0x00000542       0x24 ./echo/sdp_peri.o
 .debug_pubnames
                0x00000566       0x8b ./echo/sdp_i2c.o
 .debug_pubnames
                0x000005f1      0x12d MMC_BM_NBL2_Common.o

.debug_str      0x00000000      0xcec
 .debug_str     0x00000000      0x434 ./echo/init_sdp_mmc_core.o
                                0x484 (size before relaxing)
 .debug_str     0x00000434       0x7b ./echo/init_sdp_mmc.o
                                0x13d (size before relaxing)
 .debug_str     0x000004af       0xcb ./echo/timer.o
                                0x18b (size before relaxing)
 .debug_str     0x0000057a      0x116 ./echo/serial.o
                                0x1d1 (size before relaxing)
 .debug_str     0x00000690       0x8c ./echo/speed.o
                                 0xec (size before relaxing)
 .debug_str     0x0000071c       0xcc ./echo/sp_setup.o
                                0x199 (size before relaxing)
 .debug_str     0x000007e8       0x68 ./echo/echo_hci.o
                                0x123 (size before relaxing)
 .debug_str     0x00000850       0x87 ./echo/sdp_peri.o
                                0x149 (size before relaxing)
 .debug_str     0x000008d7       0xc2 ./echo/sdp_i2c.o
                                0x127 (size before relaxing)
 .debug_str     0x00000999      0x353 MMC_BM_NBL2_Common.o
                                0x491 (size before relaxing)

.debug_frame    0x00000000      0x804
 .debug_frame   0x00000000      0x23c ./echo/init_sdp_mmc_core.o
 .debug_frame   0x0000023c       0x38 ./echo/init_sdp_mmc.o
 .debug_frame   0x00000274       0xfc ./echo/timer.o
 .debug_frame   0x00000370      0x124 ./echo/serial.o
 .debug_frame   0x00000494       0x7c ./echo/speed.o
 .debug_frame   0x00000510       0x7c ./echo/sp_setup.o
 .debug_frame   0x0000058c       0x20 ./echo/echo_hci.o
 .debug_frame   0x000005ac       0x48 ./echo/sdp_peri.o
 .debug_frame   0x000005f4       0xe0 ./echo/sdp_i2c.o
 .debug_frame   0x000006d4      0x110 MMC_BM_NBL2_Common.o
 .debug_frame   0x000007e4       0x20 /opt/VDLinux-armv7a8v2r2/bin/../lib/gcc/arm-v7a8v2r2-linux-gnueabi/4.4.1/libgcc.a(_udivsi3.o)

.debug_ranges   0x00000000       0x78
 .debug_ranges  0x00000000       0x30 ./echo/speed.o
 .debug_ranges  0x00000030       0x48 MMC_BM_NBL2_Common.o
